2026-07-04 00:18:00.466 +07:00 [INF] Executed DbCommand (310ms) [Parameters=[], CommandType='"Text"', CommandTimeout='30']
SELECT 1
2026-07-04 00:18:01.739 +07:00 [INF] Executed DbCommand (280ms) [Parameters=[], CommandType='"Text"', CommandTimeout='30']
SELECT OBJECT_ID(N'[__EFMigrationsHistory]');
2026-07-04 00:18:02.167 +07:00 [INF] Executed DbCommand (14ms) [Parameters=[], CommandType='"Text"', CommandTimeout='30']
SELECT 1
2026-07-04 00:18:02.264 +07:00 [INF] Executed DbCommand (6ms) [Parameters=[], CommandType='"Text"', CommandTimeout='30']
SELECT OBJECT_ID(N'[__EFMigrationsHistory]');
2026-07-04 00:18:02.597 +07:00 [INF] Executed DbCommand (59ms) [Parameters=[], CommandType='"Text"', CommandTimeout='30']
SELECT [MigrationId], [ProductVersion]
FROM [__EFMigrationsHistory]
ORDER BY [MigrationId];
2026-07-04 00:18:07.215 +07:00 [INF] Executed DbCommand (155ms) [Parameters=[], CommandType='"Text"', CommandTimeout='30']
SELECT CASE
    WHEN EXISTS (
        SELECT 1
        FROM [UnitsOfMeasure] AS [u]
        WHERE [u].[IsDeleted] = CAST(0 AS bit)) THEN CAST(1 AS bit)
    ELSE CAST(0 AS bit)
END
2026-07-04 00:18:10.048 +07:00 [INF] Executed DbCommand (14ms) [Parameters=[], CommandType='"Text"', CommandTimeout='30']
SELECT CASE
    WHEN EXISTS (
        SELECT 1
        FROM [Warehouses] AS [w]
        WHERE [w].[IsDeleted] = CAST(0 AS bit)) THEN CAST(1 AS bit)
    ELSE CAST(0 AS bit)
END
2026-07-04 00:18:10.466 +07:00 [INF] Executed DbCommand (229ms) [Parameters=[], CommandType='"Text"', CommandTimeout='30']
SELECT CASE
    WHEN EXISTS (
        SELECT 1
        FROM [Users] AS [u]
        WHERE [u].[IsDeleted] = CAST(0 AS bit)) THEN CAST(1 AS bit)
    ELSE CAST(0 AS bit)
END
2026-07-04 00:19:58.218 +07:00 [INF] Executed DbCommand (154ms) [Parameters=[], CommandType='"Text"', CommandTimeout='30']
SELECT 1
2026-07-04 00:19:59.092 +07:00 [INF] Executed DbCommand (185ms) [Parameters=[], CommandType='"Text"', CommandTimeout='30']
SELECT OBJECT_ID(N'[__EFMigrationsHistory]');
2026-07-04 00:19:59.153 +07:00 [INF] Executed DbCommand (10ms) [Parameters=[], CommandType='"Text"', CommandTimeout='30']
SELECT 1
2026-07-04 00:19:59.178 +07:00 [INF] Executed DbCommand (2ms) [Parameters=[], CommandType='"Text"', CommandTimeout='30']
SELECT OBJECT_ID(N'[__EFMigrationsHistory]');
2026-07-04 00:19:59.341 +07:00 [INF] Executed DbCommand (12ms) [Parameters=[], CommandType='"Text"', CommandTimeout='30']
SELECT [MigrationId], [ProductVersion]
FROM [__EFMigrationsHistory]
ORDER BY [MigrationId];
2026-07-04 00:20:01.587 +07:00 [INF] Executed DbCommand (14ms) [Parameters=[], CommandType='"Text"', CommandTimeout='30']
SELECT CASE
    WHEN EXISTS (
        SELECT 1
        FROM [UnitsOfMeasure] AS [u]
        WHERE [u].[IsDeleted] = CAST(0 AS bit)) THEN CAST(1 AS bit)
    ELSE CAST(0 AS bit)
END
2026-07-04 00:20:01.716 +07:00 [INF] Executed DbCommand (33ms) [Parameters=[], CommandType='"Text"', CommandTimeout='30']
SELECT CASE
    WHEN EXISTS (
        SELECT 1
        FROM [Warehouses] AS [w]
        WHERE [w].[IsDeleted] = CAST(0 AS bit)) THEN CAST(1 AS bit)
    ELSE CAST(0 AS bit)
END
2026-07-04 00:20:01.822 +07:00 [INF] Executed DbCommand (10ms) [Parameters=[], CommandType='"Text"', CommandTimeout='30']
SELECT CASE
    WHEN EXISTS (
        SELECT 1
        FROM [Users] AS [u]
        WHERE [u].[IsDeleted] = CAST(0 AS bit)) THEN CAST(1 AS bit)
    ELSE CAST(0 AS bit)
END
2026-07-04 00:20:46.280 +07:00 [INF] HTTP GET /index.html started
2026-07-04 00:20:46.979 +07:00 [INF] HTTP GET /index.html responded 200 in 716.4646ms
2026-07-04 00:20:48.048 +07:00 [INF] HTTP GET /swagger/v1/swagger.json started
2026-07-04 00:20:49.790 +07:00 [INF] HTTP GET /swagger/v1/swagger.json responded 200 in 1741.3307ms
2026-07-04 00:21:24.845 +07:00 [INF] HTTP GET /api/v1/Locations started
2026-07-04 00:21:24.877 +07:00 [WRN] Failed to determine the https port for redirect.
2026-07-04 00:21:25.107 +07:00 [INF] HTTP GET /api/v1/Locations responded 401 in 261.8976ms
